<?xml version="1.0" encoding="UTF-8"?>
<dataset>
		 <caregiver id = "100"
		  first_name = "first name updated"
		  company_id="100"
		  agency_id="100"/> 
</dataset>