<?xml version="1.0" encoding="UTF-8"?>
<dataset>

       <content id  = "100"
			title = "test title updated"
			content = "VGVzdCBUZXh0"
			page_title = "login user updated"
		/>    


</dataset>