<?xml version="1.0" encoding="UTF-8"?>
<dataset>

    <home_visit id="100"
              check_out_time="2018-05-01 09:00:000"
              serviceplan_id="100"
              user_id="100"
              caregiver_id="100" />

</dataset>