<?xml version="1.0" encoding="UTF-8"?>
<dataset>

    <meal id="100"
          meal_class="Class 1"
          name="Name 1"
          visit_id="100" />

</dataset>