<?xml version="1.0" encoding="UTF-8"?>
<dataset>

    <visit_has_activity />

</dataset>