<?xml version="1.0" encoding="UTF-8"?>
<dataset>

   <visit_has_activity
	  		visit_id = "100"
	  		activity_id = "100"
	  		table_name = "table name updated"
	  /> 
</dataset>